2025-11-18 14:03:00 | WARN | repo=pv243-a4m36jee-2016-infinispan-seminar | action=commit
2025-09-03 07:37:00 | DEBUG | repo=pv243-a4m36jee-2016-infinispan-seminar | action=commit
2025-12-18 16:12:00 | INFO | repo=pv243-a4m36jee-2016-infinispan-seminar | action=commit
2025-09-08 19:20:00 | DEBUG | repo=pv243-a4m36jee-2016-infinispan-seminar | action=test | passed=true
2025-06-27 13:03:00 | DEBUG | repo=pv243-a4m36jee-2016-infinispan-seminar | action=commit
2025-06-11 14:20:00 | DEBUG | repo=pv243-a4m36jee-2016-infinispan-seminar | action=commit
2025-07-25 11:20:00 | WARN | repo=pv243-a4m36jee-2016-infinispan-seminar | action=commit
2025-07-02 08:20:00 | INFO | repo=pv243-a4m36jee-2016-infinispan-seminar | action=commit
2025-08-04 09:17:00 | DEBUG | repo=pv243-a4m36jee-2016-infinispan-seminar | action=commit
2025-10-26 07:43:00 | INFO | repo=pv243-a4m36jee-2016-infinispan-seminar | action=commit
2025-01-03 16:45:00 | DEBUG | repo=pv243-a4m36jee-2016-infinispan-seminar | action=edit | files=3
2025-08-11 17:43:00 | INFO | repo=pv243-a4m36jee-2016-infinispan-seminar | action=commit
2025-02-23 11:24:00 | DEBUG | repo=pv243-a4m36jee-2016-infinispan-seminar | action=commit
2025-11-15 21:29:00 | DEBUG | repo=pv243-a4m36jee-2016-infinispan-seminar | action=commit
2025-12-01 18:47:00 | WARN | repo=pv243-a4m36jee-2016-infinispan-seminar | action=commit
2025-10-14 10:32:00 | INFO | repo=pv243-a4m36jee-2016-infinispan-seminar | action=commit
2025-11-01 15:28:00 | WARN | repo=pv243-a4m36jee-2016-infinispan-seminar | action=commit
2025-03-14 08:32:00 | INFO | repo=pv243-a4m36jee-2016-infinispan-seminar | action=commit
2025-06-10 17:42:00 | DEBUG | repo=pv243-a4m36jee-2016-infinispan-seminar | action=commit
2025-05-04 19:20:00 | DEBUG | repo=pv243-a4m36jee-2016-infinispan-seminar | action=commit
2025-10-14 12:22:00 | INFO | repo=pv243-a4m36jee-2016-infinispan-seminar | action=commit
2025-09-11 19:04:00 | WARN | repo=pv243-a4m36jee-2016-infinispan-seminar | action=commit
2025-05-10 12:00:00 | INFO | repo=pv243-a4m36jee-2016-infinispan-seminar | action=commit
2025-06-16 13:04:00 | INFO | repo=pv243-a4m36jee-2016-infinispan-seminar | action=commit
2025-06-27 11:47:00 | WARN | repo=pv243-a4m36jee-2016-infinispan-seminar | action=edit | files=1
2025-05-10 14:45:00 | INFO | repo=pv243-a4m36jee-2016-infinispan-seminar | action=commit
2025-05-20 12:42:00 | INFO | repo=pv243-a4m36jee-2016-infinispan-seminar | action=commit
2025-12-13 11:37:00 | WARN | repo=pv243-a4m36jee-2016-infinispan-seminar | action=commit
2025-10-21 10:44:00 | DEBUG | repo=pv243-a4m36jee-2016-infinispan-seminar | action=commit
2025-01-03 11:05:00 | DEBUG | repo=pv243-a4m36jee-2016-infinispan-seminar | action=commit
2025-02-19 12:02:00 | WARN | repo=pv243-a4m36jee-2016-infinispan-seminar | action=commit
2025-05-26 14:56:00 | WARN | repo=pv243-a4m36jee-2016-infinispan-seminar | action=edit | files=3
2025-01-13 14:18:00 | DEBUG | repo=pv243-a4m36jee-2016-infinispan-seminar | action=commit
